// Jest Snapshot v1, https://goo.gl/fbAQLP

exports[`todos reducer should output todos 1`] = `
Object {
  "data": Array [
    Object {
      "id": "1",
      "text": "One",
    },
    Object {
      "id": "2",
      "text": "Two",
    },
  ],
}
`;
